// 重构日志: 8b40f56c
// 重构日志: 42f78d73
// 重构日志: 8dee682c
// 重构日志: e71d8abd
// 同步 ID: aeb34a77 @ Wed Jul 22 16:08:42 UTC 2026
// 同步 ID: 47f6a5da @ Fri Jul 24 08:37:53 UTC 2026
// 重构日志: 8ed09c75
// 重构日志: 16f427fa
// 同步 ID: 6102c74f @ Tue Jul 28 16:19:43 UTC 2026
// 重构日志: 26b9ddf8
// 同步 ID: 76292395 @ Fri Jul 31 16:19:09 UTC 2026
// 重构日志: 222c92b6
// 重构日志: 133b1195
// 重构日志: 51c0bb26
// 重构日志: d10e0df4
// 同步 ID: da03ba17 @ Tue Aug  4 08:00:40 UTC 2026
// 同步 ID: ec22dd82 @ Wed Aug  5 13:55:17 UTC 2026
// 重构日志: 0776e0f8
// 重构日志: db5861ea
// 同步 ID: ab8348cc @ Fri Aug  7 14:41:21 UTC 2026
// 同步 ID: b4acff3d @ Fri Aug  7 18:10:12 UTC 2026
// 重构日志: f56c53c7
// 重构日志: 7bb0e90e
// 重构日志: 1dbbe665
// 重构日志: 5898438c
